C51 COMPILER V9.59.0.0   HEARTBEAT                                                         06/14/2022 12:02:11 PAGE 1   


C51 COMPILER V9.59.0.0, COMPILATION OF MODULE HEARTBEAT
OBJECT MODULE PLACED IN .\Objects\heartbeat.obj
COMPILER INVOKED BY: D:\Program Files (x86)\Keil_v5\C51\BIN\C51.EXE heartbeat.c OPTIMIZE(8,SPEED) BROWSE INCDIR(..\..\so
                    -urce\module;..\..\source) DEBUG OBJECTEXTEND PRINT(.\Listings\heartbeat.lst) OBJECT(.\Objects\heartbeat.obj)

line level    source

   1          #include "heartbeat.h"
   2          #include "led.h"
   3          
   4          /**
   5           * @brief LED模拟系统活动(心跳)
   6           * @param site_led led位置
   7           */
   8          void start_heartbeat(uint8 site_led) {
   9   1          if(site_led < 4) {
  10   2                      on_site_led(site_led);
  11   2                      on_site_led(7-site_led++);
  12   2              }
  13   1              else {
  14   2                      off_site_led(site_led);
  15   2                      off_site_led(7-site_led++);
  16   2              }
  17   1      }


MODULE INFORMATION:   STATIC OVERLAYABLE
   CODE SIZE        =     45    ----
   CONSTANT SIZE    =   ----    ----
   XDATA SIZE       =   ----    ----
   PDATA SIZE       =   ----    ----
   DATA SIZE        =   ----       1
   IDATA SIZE       =   ----    ----
   BIT SIZE         =   ----    ----
END OF MODULE INFORMATION.


C51 COMPILATION COMPLETE.  0 WARNING(S),  0 ERROR(S)
