C51 COMPILER V9.59.0.0   MAIN                                                              06/13/2022 20:20:00 PAGE 1   


C51 COMPILER V9.59.0.0, COMPILATION OF MODULE MAIN
OBJECT MODULE PLACED IN .\Objects\main.obj
COMPILER INVOKED BY: D:\Program Files (x86)\Keil_v5\C51\BIN\C51.EXE main.c OPTIMIZE(8,SPEED) BROWSE INCDIR(..\..\source;
                    -..\..\source\module) DEBUG OBJECTEXTEND PRINT(.\Listings\main.lst) OBJECT(.\Objects\main.obj)

line level    source

   1          #include <stdio.h>
   2          #include "reg52.h"
   3          #include "key.h"
   4          #include "beep.h"
   5          #include "interrupts.h"
   6          
   7          bit sym_beep = 0;
   8          uint8 count = 0;
   9          uint16 time_count = 0;
  10          
  11          uint8 music[] = {1+7,2+7,3+7,4+7,5+7,6+7,7+7,1+7,2+7,3+7,4+7,5+7,6+7,7+7,1+7,2+7,3+7,4+7,5+7,6+7,7+7,1+7,2
             -+7,3+7,4+7,5+7,6+7,7+7};
  12          uint8 length[] = {4,4,4,4,4,4,4,4,4,4,4,4,4,4,4,4,4,4,4,4,4,4,4,4,4,4,4,4,4,4,4,4,4,4,4};
  13          
  14          int main() {
  15   1              init_t0_1_interrupt(display_player(music[count])[0], display_player(music[count])[1]);
  16   1              init_t1_1_interrupt(0xF7, 0x00);
  17   1          while(1) {
  18   2                      
  19   2          }
  20   1          return 0;
  21   1      }
  22          
  23          void change_interrupt() interrupt 1 {
  24   1              TR0 = 0;
  25   1              TH0 = display_player(music[count])[0];
  26   1              TL0 = display_player(music[count])[1];
  27   1              TR0 = 1;
  28   1              if(sym_beep) on_beep();
  29   1              else off_beep();
  30   1              sym_beep = !sym_beep;
  31   1      } // 音符切换
  32          
  33          void tystem_interrupt() interrupt 3 {
  34   1              TR1 = 0;
  35   1              TH1 = 0xF7;
  36   1              TL1 = 0x00;
  37   1              TR1 = 1;
  38   1              if(time_count%50 == 1) {
  39   2                      if(length[count]>0) length[count] -= 1;
  40   2                      else count++;
  41   2                      if(count == sizeof(length)/sizeof(uint8)) {
  42   3                              count = 0;
  43   3                      }
  44   2              }
  45   1              time_count++;
  46   1      } // 音符播放长度
*** WARNING C294 IN LINE 20 OF main.c: unreachable code


MODULE INFORMATION:   STATIC OVERLAYABLE
   CODE SIZE        =    257    ----
   CONSTANT SIZE    =   ----    ----
   XDATA SIZE       =   ----    ----
C51 COMPILER V9.59.0.0   MAIN                                                              06/13/2022 20:20:00 PAGE 2   

   PDATA SIZE       =   ----    ----
   DATA SIZE        =     66    ----
   IDATA SIZE       =   ----    ----
   BIT SIZE         =      1    ----
END OF MODULE INFORMATION.


C51 COMPILATION COMPLETE.  1 WARNING(S),  0 ERROR(S)
