C51 COMPILER V9.59.0.0   HEARTBEAT                                                         06/15/2022 19:40:22 PAGE 1   


C51 COMPILER V9.59.0.0, COMPILATION OF MODULE HEARTBEAT
OBJECT MODULE PLACED IN .\Objects\heartbeat.obj
COMPILER INVOKED BY: D:\Program Files (x86)\Keil_v5\C51\BIN\C51.EXE ..\..\source\heartbeat.c OPTIMIZE(8,SPEED) BROWSE IN
                    -CDIR(..\..\source\module;..\..\source) DEBUG OBJECTEXTEND PRINT(.\Listings\heartbeat.lst) OBJECT(.\Objects\heartbeat.obj
                    -)

line level    source

   1          #include "heartbeat.h"
   2          #include "led.h"
   3          
   4          uint8 heartbeat_site = 0;
   5          
   6          /**
   7           * @brief LED模拟系统活动(心跳)
   8           * @param site_led led位置
   9           */
  10          void start_heartbeat() {
  11   1          if(heartbeat_site < 4) {
  12   2                      on_site_led(heartbeat_site);
  13   2                      on_site_led(7-heartbeat_site);
  14   2              }
  15   1              else {
  16   2                      off_site_led(heartbeat_site);
  17   2                      off_site_led(7-heartbeat_site);
  18   2              }
  19   1      }


MODULE INFORMATION:   STATIC OVERLAYABLE
   CODE SIZE        =     38    ----
   CONSTANT SIZE    =   ----    ----
   XDATA SIZE       =   ----    ----
   PDATA SIZE       =   ----    ----
   DATA SIZE        =      1    ----
   IDATA SIZE       =   ----    ----
   BIT SIZE         =   ----    ----
END OF MODULE INFORMATION.


C51 COMPILATION COMPLETE.  0 WARNING(S),  0 ERROR(S)
